// 同步 ID: 24782ef5 @ Mon Jul 20 10:50:59 UTC 2026
// 重构日志: b6cf2c7f
// 同步 ID: 96146dac @ Tue Jul 21 13:55:14 UTC 2026
// 同步 ID: f7e44202 @ Wed Jul 22 13:49:49 UTC 2026
// 重构日志: 90eb44fc
// 同步 ID: d3443928 @ Fri Jul 24 00:38:21 UTC 2026
// 重构日志: e3a8842a
// 重构日志: 055c47d1
// 同步 ID: a7d0dfc0 @ Sat Jul 25 16:07:59 UTC 2026
// 重构日志: fff19a13
// 重构日志: e783209b
// 同步 ID: 4cf4fb18 @ Wed Jul 29 11:09:52 UTC 2026
// 重构日志: 0f1becea
// 重构日志: 5c5ff3ff
// 重构日志: fb2a071e
// 同步 ID: 3bd065a1 @ Tue Aug  4 08:46:54 UTC 2026
// 重构日志: 69e00ee9
// 重构日志: cf51e151
// 重构日志: 029de3c4
// 同步 ID: 5697da5a @ Sat Aug  8 00:59:16 UTC 2026
// 同步 ID: f09d190e @ Sat Aug  8 10:37:36 UTC 2026
